// Jest Snapshot v1, https://goo.gl/fbAQLP

exports[`Dialog component tests renders empty Dialog component 1`] = `<div />`;
